// Jest Snapshot v1, https://goo.gl/fbAQLP

exports[`Icon Component can disable styles 1`] = `
<DocumentFragment>
  <svg
    class="ss__icon ss__icon--cog"
    height="40px"
    viewBox="0 0 56 56"
    width="40px"
    xmlns="http://www.w3.org/2000/svg"
  >
    <path
      d="M37.333 28c0-5.141-4.193-9.333-9.333-9.333s-9.333 4.193-9.333 9.333 4.193 9.333 9.333 9.333 9.333-4.193 9.333-9.333zM56 24.026v8.094c0 0.547-0.438 1.203-1.021 1.312l-6.745 1.021c-0.401 1.167-0.839 2.26-1.422 3.318 1.24 1.786 2.552 3.391 3.901 5.031 0.219 0.255 0.365 0.583 0.365 0.911s-0.109 0.583-0.328 0.839c-0.875 1.167-5.797 6.526-7.036 6.526-0.328 0-0.656-0.146-0.948-0.328l-5.031-3.938c-1.057 0.547-2.188 1.021-3.318 1.385-0.255 2.224-0.474 4.594-1.057 6.781-0.146 0.583-0.656 1.021-1.312 1.021h-8.094c-0.656 0-1.24-0.474-1.312-1.094l-1.021-6.708c-1.13-0.365-2.224-0.802-3.281-1.349l-5.141 3.901c-0.255 0.219-0.583 0.328-0.911 0.328s-0.656-0.146-0.911-0.401c-1.932-1.75-4.484-4.010-6.016-6.125-0.182-0.255-0.255-0.547-0.255-0.839 0-0.328 0.109-0.583 0.292-0.839 1.24-1.677 2.589-3.281 3.828-4.995-0.62-1.167-1.13-2.37-1.495-3.609l-6.672-0.984c-0.62-0.109-1.057-0.693-1.057-1.312v-8.094c0-0.547 0.438-1.203 0.984-1.312l6.781-1.021c0.365-1.167 0.839-2.26 1.422-3.354-1.24-1.75-2.552-3.391-3.901-5.031-0.219-0.255-0.365-0.547-0.365-0.875s0.146-0.583 0.328-0.839c0.875-1.203 5.797-6.526 7.036-6.526 0.328 0 0.656 0.146 0.948 0.365l5.031 3.901c1.057-0.547 2.188-1.021 3.318-1.385 0.255-2.224 0.474-4.594 1.057-6.781 0.146-0.583 0.656-1.021 1.312-1.021h8.094c0.656 0 1.24 0.474 1.312 1.094l1.021 6.708c1.13 0.365 2.224 0.802 3.281 1.349l5.177-3.901c0.219-0.219 0.547-0.328 0.875-0.328s0.656 0.146 0.911 0.365c1.932 1.786 4.484 4.047 6.016 6.198 0.182 0.219 0.255 0.51 0.255 0.802 0 0.328-0.109 0.583-0.292 0.839-1.24 1.677-2.589 3.281-3.828 4.995 0.62 1.167 1.13 2.37 1.495 3.573l6.672 1.021c0.62 0.109 1.057 0.693 1.057 1.312z"
      fill="#3a23ad"
    />
  </svg>
</DocumentFragment>
`;

exports[`Icon Component does not render without icon or path props 1`] = `<DocumentFragment />`;

exports[`Icon Component is themeable and theme prop overrides ThemeProvider 1`] = `
<DocumentFragment>
  .emotion-0 {
  width: 16px;
  height: 16px;
  position: relative;
}

<svg
    class="ss__icon ss__icon--cog theme-class emotion-0"
    viewBox="0 0 56 56"
    xmlns="http://www.w3.org/2000/svg"
  >
    <path
      d="M37.333 28c0-5.141-4.193-9.333-9.333-9.333s-9.333 4.193-9.333 9.333 4.193 9.333 9.333 9.333 9.333-4.193 9.333-9.333zM56 24.026v8.094c0 0.547-0.438 1.203-1.021 1.312l-6.745 1.021c-0.401 1.167-0.839 2.26-1.422 3.318 1.24 1.786 2.552 3.391 3.901 5.031 0.219 0.255 0.365 0.583 0.365 0.911s-0.109 0.583-0.328 0.839c-0.875 1.167-5.797 6.526-7.036 6.526-0.328 0-0.656-0.146-0.948-0.328l-5.031-3.938c-1.057 0.547-2.188 1.021-3.318 1.385-0.255 2.224-0.474 4.594-1.057 6.781-0.146 0.583-0.656 1.021-1.312 1.021h-8.094c-0.656 0-1.24-0.474-1.312-1.094l-1.021-6.708c-1.13-0.365-2.224-0.802-3.281-1.349l-5.141 3.901c-0.255 0.219-0.583 0.328-0.911 0.328s-0.656-0.146-0.911-0.401c-1.932-1.75-4.484-4.010-6.016-6.125-0.182-0.255-0.255-0.547-0.255-0.839 0-0.328 0.109-0.583 0.292-0.839 1.24-1.677 2.589-3.281 3.828-4.995-0.62-1.167-1.13-2.37-1.495-3.609l-6.672-0.984c-0.62-0.109-1.057-0.693-1.057-1.312v-8.094c0-0.547 0.438-1.203 0.984-1.312l6.781-1.021c0.365-1.167 0.839-2.26 1.422-3.354-1.24-1.75-2.552-3.391-3.901-5.031-0.219-0.255-0.365-0.547-0.365-0.875s0.146-0.583 0.328-0.839c0.875-1.203 5.797-6.526 7.036-6.526 0.328 0 0.656 0.146 0.948 0.365l5.031 3.901c1.057-0.547 2.188-1.021 3.318-1.385 0.255-2.224 0.474-4.594 1.057-6.781 0.146-0.583 0.656-1.021 1.312-1.021h8.094c0.656 0 1.24 0.474 1.312 1.094l1.021 6.708c1.13 0.365 2.224 0.802 3.281 1.349l5.177-3.901c0.219-0.219 0.547-0.328 0.875-0.328s0.656 0.146 0.911 0.365c1.932 1.786 4.484 4.047 6.016 6.198 0.182 0.219 0.255 0.51 0.255 0.802 0 0.328-0.109 0.583-0.292 0.839-1.24 1.677-2.589 3.281-3.828 4.995 0.62 1.167 1.13 2.37 1.495 3.573l6.672 1.021c0.62 0.109 1.057 0.693 1.057 1.312z"
    />
  </svg>
</DocumentFragment>
`;

exports[`Icon Component is themeable with ThemeProvider 1`] = `
<DocumentFragment>
  .emotion-0 {
  width: 16px;
  height: 16px;
  position: relative;
}

<svg
    class="ss__icon ss__icon--cog theme-class emotion-0"
    viewBox="0 0 56 56"
    xmlns="http://www.w3.org/2000/svg"
  >
    <path
      d="M37.333 28c0-5.141-4.193-9.333-9.333-9.333s-9.333 4.193-9.333 9.333 4.193 9.333 9.333 9.333 9.333-4.193 9.333-9.333zM56 24.026v8.094c0 0.547-0.438 1.203-1.021 1.312l-6.745 1.021c-0.401 1.167-0.839 2.26-1.422 3.318 1.24 1.786 2.552 3.391 3.901 5.031 0.219 0.255 0.365 0.583 0.365 0.911s-0.109 0.583-0.328 0.839c-0.875 1.167-5.797 6.526-7.036 6.526-0.328 0-0.656-0.146-0.948-0.328l-5.031-3.938c-1.057 0.547-2.188 1.021-3.318 1.385-0.255 2.224-0.474 4.594-1.057 6.781-0.146 0.583-0.656 1.021-1.312 1.021h-8.094c-0.656 0-1.24-0.474-1.312-1.094l-1.021-6.708c-1.13-0.365-2.224-0.802-3.281-1.349l-5.141 3.901c-0.255 0.219-0.583 0.328-0.911 0.328s-0.656-0.146-0.911-0.401c-1.932-1.75-4.484-4.010-6.016-6.125-0.182-0.255-0.255-0.547-0.255-0.839 0-0.328 0.109-0.583 0.292-0.839 1.24-1.677 2.589-3.281 3.828-4.995-0.62-1.167-1.13-2.37-1.495-3.609l-6.672-0.984c-0.62-0.109-1.057-0.693-1.057-1.312v-8.094c0-0.547 0.438-1.203 0.984-1.312l6.781-1.021c0.365-1.167 0.839-2.26 1.422-3.354-1.24-1.75-2.552-3.391-3.901-5.031-0.219-0.255-0.365-0.547-0.365-0.875s0.146-0.583 0.328-0.839c0.875-1.203 5.797-6.526 7.036-6.526 0.328 0 0.656 0.146 0.948 0.365l5.031 3.901c1.057-0.547 2.188-1.021 3.318-1.385 0.255-2.224 0.474-4.594 1.057-6.781 0.146-0.583 0.656-1.021 1.312-1.021h8.094c0.656 0 1.24 0.474 1.312 1.094l1.021 6.708c1.13 0.365 2.224 0.802 3.281 1.349l5.177-3.901c0.219-0.219 0.547-0.328 0.875-0.328s0.656 0.146 0.911 0.365c1.932 1.786 4.484 4.047 6.016 6.198 0.182 0.219 0.255 0.51 0.255 0.802 0 0.328-0.109 0.583-0.292 0.839-1.24 1.677-2.589 3.281-3.828 4.995 0.62 1.167 1.13 2.37 1.495 3.573l6.672 1.021c0.62 0.109 1.057 0.693 1.057 1.312z"
    />
  </svg>
</DocumentFragment>
`;

exports[`Icon Component is themeable with theme prop 1`] = `
<DocumentFragment>
  .emotion-0 {
  width: 16px;
  height: 16px;
  position: relative;
}

<svg
    class="ss__icon ss__icon--cog theme-class emotion-0"
    viewBox="0 0 56 56"
    xmlns="http://www.w3.org/2000/svg"
  >
    <path
      d="M37.333 28c0-5.141-4.193-9.333-9.333-9.333s-9.333 4.193-9.333 9.333 4.193 9.333 9.333 9.333 9.333-4.193 9.333-9.333zM56 24.026v8.094c0 0.547-0.438 1.203-1.021 1.312l-6.745 1.021c-0.401 1.167-0.839 2.26-1.422 3.318 1.24 1.786 2.552 3.391 3.901 5.031 0.219 0.255 0.365 0.583 0.365 0.911s-0.109 0.583-0.328 0.839c-0.875 1.167-5.797 6.526-7.036 6.526-0.328 0-0.656-0.146-0.948-0.328l-5.031-3.938c-1.057 0.547-2.188 1.021-3.318 1.385-0.255 2.224-0.474 4.594-1.057 6.781-0.146 0.583-0.656 1.021-1.312 1.021h-8.094c-0.656 0-1.24-0.474-1.312-1.094l-1.021-6.708c-1.13-0.365-2.224-0.802-3.281-1.349l-5.141 3.901c-0.255 0.219-0.583 0.328-0.911 0.328s-0.656-0.146-0.911-0.401c-1.932-1.75-4.484-4.010-6.016-6.125-0.182-0.255-0.255-0.547-0.255-0.839 0-0.328 0.109-0.583 0.292-0.839 1.24-1.677 2.589-3.281 3.828-4.995-0.62-1.167-1.13-2.37-1.495-3.609l-6.672-0.984c-0.62-0.109-1.057-0.693-1.057-1.312v-8.094c0-0.547 0.438-1.203 0.984-1.312l6.781-1.021c0.365-1.167 0.839-2.26 1.422-3.354-1.24-1.75-2.552-3.391-3.901-5.031-0.219-0.255-0.365-0.547-0.365-0.875s0.146-0.583 0.328-0.839c0.875-1.203 5.797-6.526 7.036-6.526 0.328 0 0.656 0.146 0.948 0.365l5.031 3.901c1.057-0.547 2.188-1.021 3.318-1.385 0.255-2.224 0.474-4.594 1.057-6.781 0.146-0.583 0.656-1.021 1.312-1.021h8.094c0.656 0 1.24 0.474 1.312 1.094l1.021 6.708c1.13 0.365 2.224 0.802 3.281 1.349l5.177-3.901c0.219-0.219 0.547-0.328 0.875-0.328s0.656 0.146 0.911 0.365c1.932 1.786 4.484 4.047 6.016 6.198 0.182 0.219 0.255 0.51 0.255 0.802 0 0.328-0.109 0.583-0.292 0.839-1.24 1.677-2.589 3.281-3.828 4.995 0.62 1.167 1.13 2.37 1.495 3.573l6.672 1.021c0.62 0.109 1.057 0.693 1.057 1.312z"
    />
  </svg>
</DocumentFragment>
`;

exports[`Icon Component renders cog icon with custom props 1`] = `
<DocumentFragment>
  .emotion-0 {
  fill: #ff0000;
  width: 30em;
  height: 30em;
  position: relative;
}

<svg
    class="ss__icon ss__icon--cog classy emotion-0"
    viewBox="0 0 63 63"
    xmlns="http://www.w3.org/2000/svg"
  >
    <path
      d="M37.333 28c0-5.141-4.193-9.333-9.333-9.333s-9.333 4.193-9.333 9.333 4.193 9.333 9.333 9.333 9.333-4.193 9.333-9.333zM56 24.026v8.094c0 0.547-0.438 1.203-1.021 1.312l-6.745 1.021c-0.401 1.167-0.839 2.26-1.422 3.318 1.24 1.786 2.552 3.391 3.901 5.031 0.219 0.255 0.365 0.583 0.365 0.911s-0.109 0.583-0.328 0.839c-0.875 1.167-5.797 6.526-7.036 6.526-0.328 0-0.656-0.146-0.948-0.328l-5.031-3.938c-1.057 0.547-2.188 1.021-3.318 1.385-0.255 2.224-0.474 4.594-1.057 6.781-0.146 0.583-0.656 1.021-1.312 1.021h-8.094c-0.656 0-1.24-0.474-1.312-1.094l-1.021-6.708c-1.13-0.365-2.224-0.802-3.281-1.349l-5.141 3.901c-0.255 0.219-0.583 0.328-0.911 0.328s-0.656-0.146-0.911-0.401c-1.932-1.75-4.484-4.010-6.016-6.125-0.182-0.255-0.255-0.547-0.255-0.839 0-0.328 0.109-0.583 0.292-0.839 1.24-1.677 2.589-3.281 3.828-4.995-0.62-1.167-1.13-2.37-1.495-3.609l-6.672-0.984c-0.62-0.109-1.057-0.693-1.057-1.312v-8.094c0-0.547 0.438-1.203 0.984-1.312l6.781-1.021c0.365-1.167 0.839-2.26 1.422-3.354-1.24-1.75-2.552-3.391-3.901-5.031-0.219-0.255-0.365-0.547-0.365-0.875s0.146-0.583 0.328-0.839c0.875-1.203 5.797-6.526 7.036-6.526 0.328 0 0.656 0.146 0.948 0.365l5.031 3.901c1.057-0.547 2.188-1.021 3.318-1.385 0.255-2.224 0.474-4.594 1.057-6.781 0.146-0.583 0.656-1.021 1.312-1.021h8.094c0.656 0 1.24 0.474 1.312 1.094l1.021 6.708c1.13 0.365 2.224 0.802 3.281 1.349l5.177-3.901c0.219-0.219 0.547-0.328 0.875-0.328s0.656 0.146 0.911 0.365c1.932 1.786 4.484 4.047 6.016 6.198 0.182 0.219 0.255 0.51 0.255 0.802 0 0.328-0.109 0.583-0.292 0.839-1.24 1.677-2.589 3.281-3.828 4.995 0.62 1.167 1.13 2.37 1.495 3.573l6.672 1.021c0.62 0.109 1.057 0.693 1.057 1.312z"
    />
  </svg>
</DocumentFragment>
`;

exports[`Icon Component renders cog icon with default props 1`] = `
<DocumentFragment>
  .emotion-0 {
  width: 16px;
  height: 16px;
  position: relative;
}

<svg
    class="ss__icon ss__icon--cog emotion-0"
    viewBox="0 0 56 56"
    xmlns="http://www.w3.org/2000/svg"
  >
    <path
      d="M37.333 28c0-5.141-4.193-9.333-9.333-9.333s-9.333 4.193-9.333 9.333 4.193 9.333 9.333 9.333 9.333-4.193 9.333-9.333zM56 24.026v8.094c0 0.547-0.438 1.203-1.021 1.312l-6.745 1.021c-0.401 1.167-0.839 2.26-1.422 3.318 1.24 1.786 2.552 3.391 3.901 5.031 0.219 0.255 0.365 0.583 0.365 0.911s-0.109 0.583-0.328 0.839c-0.875 1.167-5.797 6.526-7.036 6.526-0.328 0-0.656-0.146-0.948-0.328l-5.031-3.938c-1.057 0.547-2.188 1.021-3.318 1.385-0.255 2.224-0.474 4.594-1.057 6.781-0.146 0.583-0.656 1.021-1.312 1.021h-8.094c-0.656 0-1.24-0.474-1.312-1.094l-1.021-6.708c-1.13-0.365-2.224-0.802-3.281-1.349l-5.141 3.901c-0.255 0.219-0.583 0.328-0.911 0.328s-0.656-0.146-0.911-0.401c-1.932-1.75-4.484-4.010-6.016-6.125-0.182-0.255-0.255-0.547-0.255-0.839 0-0.328 0.109-0.583 0.292-0.839 1.24-1.677 2.589-3.281 3.828-4.995-0.62-1.167-1.13-2.37-1.495-3.609l-6.672-0.984c-0.62-0.109-1.057-0.693-1.057-1.312v-8.094c0-0.547 0.438-1.203 0.984-1.312l6.781-1.021c0.365-1.167 0.839-2.26 1.422-3.354-1.24-1.75-2.552-3.391-3.901-5.031-0.219-0.255-0.365-0.547-0.365-0.875s0.146-0.583 0.328-0.839c0.875-1.203 5.797-6.526 7.036-6.526 0.328 0 0.656 0.146 0.948 0.365l5.031 3.901c1.057-0.547 2.188-1.021 3.318-1.385 0.255-2.224 0.474-4.594 1.057-6.781 0.146-0.583 0.656-1.021 1.312-1.021h8.094c0.656 0 1.24 0.474 1.312 1.094l1.021 6.708c1.13 0.365 2.224 0.802 3.281 1.349l5.177-3.901c0.219-0.219 0.547-0.328 0.875-0.328s0.656 0.146 0.911 0.365c1.932 1.786 4.484 4.047 6.016 6.198 0.182 0.219 0.255 0.51 0.255 0.802 0 0.328-0.109 0.583-0.292 0.839-1.24 1.677-2.589 3.281-3.828 4.995 0.62 1.167 1.13 2.37 1.495 3.573l6.672 1.021c0.62 0.109 1.057 0.693 1.057 1.312z"
    />
  </svg>
</DocumentFragment>
`;

exports[`Icon Component renders cog icon with sizing 1`] = `
<DocumentFragment>
  .emotion-0 {
  width: 10px;
  height: 15px;
  position: relative;
}

<svg
    class="ss__icon ss__icon--cog emotion-0"
    viewBox="0 0 56 56"
    xmlns="http://www.w3.org/2000/svg"
  >
    <path
      d="M37.333 28c0-5.141-4.193-9.333-9.333-9.333s-9.333 4.193-9.333 9.333 4.193 9.333 9.333 9.333 9.333-4.193 9.333-9.333zM56 24.026v8.094c0 0.547-0.438 1.203-1.021 1.312l-6.745 1.021c-0.401 1.167-0.839 2.26-1.422 3.318 1.24 1.786 2.552 3.391 3.901 5.031 0.219 0.255 0.365 0.583 0.365 0.911s-0.109 0.583-0.328 0.839c-0.875 1.167-5.797 6.526-7.036 6.526-0.328 0-0.656-0.146-0.948-0.328l-5.031-3.938c-1.057 0.547-2.188 1.021-3.318 1.385-0.255 2.224-0.474 4.594-1.057 6.781-0.146 0.583-0.656 1.021-1.312 1.021h-8.094c-0.656 0-1.24-0.474-1.312-1.094l-1.021-6.708c-1.13-0.365-2.224-0.802-3.281-1.349l-5.141 3.901c-0.255 0.219-0.583 0.328-0.911 0.328s-0.656-0.146-0.911-0.401c-1.932-1.75-4.484-4.010-6.016-6.125-0.182-0.255-0.255-0.547-0.255-0.839 0-0.328 0.109-0.583 0.292-0.839 1.24-1.677 2.589-3.281 3.828-4.995-0.62-1.167-1.13-2.37-1.495-3.609l-6.672-0.984c-0.62-0.109-1.057-0.693-1.057-1.312v-8.094c0-0.547 0.438-1.203 0.984-1.312l6.781-1.021c0.365-1.167 0.839-2.26 1.422-3.354-1.24-1.75-2.552-3.391-3.901-5.031-0.219-0.255-0.365-0.547-0.365-0.875s0.146-0.583 0.328-0.839c0.875-1.203 5.797-6.526 7.036-6.526 0.328 0 0.656 0.146 0.948 0.365l5.031 3.901c1.057-0.547 2.188-1.021 3.318-1.385 0.255-2.224 0.474-4.594 1.057-6.781 0.146-0.583 0.656-1.021 1.312-1.021h8.094c0.656 0 1.24 0.474 1.312 1.094l1.021 6.708c1.13 0.365 2.224 0.802 3.281 1.349l5.177-3.901c0.219-0.219 0.547-0.328 0.875-0.328s0.656 0.146 0.911 0.365c1.932 1.786 4.484 4.047 6.016 6.198 0.182 0.219 0.255 0.51 0.255 0.802 0 0.328-0.109 0.583-0.292 0.839-1.24 1.677-2.589 3.281-3.828 4.995 0.62 1.167 1.13 2.37 1.495 3.573l6.672 1.021c0.62 0.109 1.057 0.693 1.057 1.312z"
    />
  </svg>
</DocumentFragment>
`;

exports[`Icon Component renders custom path with custom props 1`] = `
<DocumentFragment>
  .emotion-0 {
  fill: #3a23ad;
  width: 3em;
  height: 3em;
  position: relative;
}

<svg
    class="ss__icon custom-classy emotion-0"
    viewBox="0 0 70 70"
    xmlns="http://www.w3.org/2000/svg"
  >
    <path
      d="M12.9,13.8C12.9,13.8,12.9,13.8,12.9,13.8c-0.1,0.1-0.3,0.2-0.5,0.2C4.5,17.9,1.9,28.8,6.6,38.5l28.6-13.8 c0,0,0,0,0,0c0.2-0.1,0.3-0.1,0.5-0.2C43.5,20.6,46.2,9.7,41.5,0L12.9,13.8zM8.6,42.1C8.6,42.1,8.6,42.1,8.6,42.1c-0.1,0.1-0.3,0.1-0.5,0.2C0.3,46.1-2.4,57,2.3,66.7l28.6-13.8 c0,0,0,0,0,0c0.2-0.1,0.3-0.1,0.5-0.2c7.9-3.8,10.5-14.8,5.8-24.4L8.6,42.1z"
    />
  </svg>
</DocumentFragment>
`;

exports[`Icon Component renders custom path with default props 1`] = `
<DocumentFragment>
  .emotion-0 {
  width: 16px;
  height: 16px;
  position: relative;
}

<svg
    class="ss__icon emotion-0"
    viewBox="0 0 56 56"
    xmlns="http://www.w3.org/2000/svg"
  >
    <path
      d="M12.9,13.8C12.9,13.8,12.9,13.8,12.9,13.8c-0.1,0.1-0.3,0.2-0.5,0.2C4.5,17.9,1.9,28.8,6.6,38.5l28.6-13.8 c0,0,0,0,0,0c0.2-0.1,0.3-0.1,0.5-0.2C43.5,20.6,46.2,9.7,41.5,0L12.9,13.8zM8.6,42.1C8.6,42.1,8.6,42.1,8.6,42.1c-0.1,0.1-0.3,0.1-0.5,0.2C0.3,46.1-2.4,57,2.3,66.7l28.6-13.8 c0,0,0,0,0,0c0.2-0.1,0.3-0.1,0.5-0.2c7.9-3.8,10.5-14.8,5.8-24.4L8.6,42.1z"
    />
  </svg>
</DocumentFragment>
`;

exports[`Icon Component renders with additional style using prop 1`] = `
<DocumentFragment>
  .emotion-0 {
  width: 16px;
  height: 16px;
  position: relative;
  padding: 20px;
}

<svg
    class="ss__icon ss__icon--cog emotion-0"
    viewBox="0 0 56 56"
    xmlns="http://www.w3.org/2000/svg"
  >
    <path
      d="M37.333 28c0-5.141-4.193-9.333-9.333-9.333s-9.333 4.193-9.333 9.333 4.193 9.333 9.333 9.333 9.333-4.193 9.333-9.333zM56 24.026v8.094c0 0.547-0.438 1.203-1.021 1.312l-6.745 1.021c-0.401 1.167-0.839 2.26-1.422 3.318 1.24 1.786 2.552 3.391 3.901 5.031 0.219 0.255 0.365 0.583 0.365 0.911s-0.109 0.583-0.328 0.839c-0.875 1.167-5.797 6.526-7.036 6.526-0.328 0-0.656-0.146-0.948-0.328l-5.031-3.938c-1.057 0.547-2.188 1.021-3.318 1.385-0.255 2.224-0.474 4.594-1.057 6.781-0.146 0.583-0.656 1.021-1.312 1.021h-8.094c-0.656 0-1.24-0.474-1.312-1.094l-1.021-6.708c-1.13-0.365-2.224-0.802-3.281-1.349l-5.141 3.901c-0.255 0.219-0.583 0.328-0.911 0.328s-0.656-0.146-0.911-0.401c-1.932-1.75-4.484-4.010-6.016-6.125-0.182-0.255-0.255-0.547-0.255-0.839 0-0.328 0.109-0.583 0.292-0.839 1.24-1.677 2.589-3.281 3.828-4.995-0.62-1.167-1.13-2.37-1.495-3.609l-6.672-0.984c-0.62-0.109-1.057-0.693-1.057-1.312v-8.094c0-0.547 0.438-1.203 0.984-1.312l6.781-1.021c0.365-1.167 0.839-2.26 1.422-3.354-1.24-1.75-2.552-3.391-3.901-5.031-0.219-0.255-0.365-0.547-0.365-0.875s0.146-0.583 0.328-0.839c0.875-1.203 5.797-6.526 7.036-6.526 0.328 0 0.656 0.146 0.948 0.365l5.031 3.901c1.057-0.547 2.188-1.021 3.318-1.385 0.255-2.224 0.474-4.594 1.057-6.781 0.146-0.583 0.656-1.021 1.312-1.021h8.094c0.656 0 1.24 0.474 1.312 1.094l1.021 6.708c1.13 0.365 2.224 0.802 3.281 1.349l5.177-3.901c0.219-0.219 0.547-0.328 0.875-0.328s0.656 0.146 0.911 0.365c1.932 1.786 4.484 4.047 6.016 6.198 0.182 0.219 0.255 0.51 0.255 0.802 0 0.328-0.109 0.583-0.292 0.839-1.24 1.677-2.589 3.281-3.828 4.995 0.62 1.167 1.13 2.37 1.495 3.573l6.672 1.021c0.62 0.109 1.057 0.693 1.057 1.312z"
    />
  </svg>
</DocumentFragment>
`;

exports[`Icon Component renders with classname 1`] = `
<DocumentFragment>
  .emotion-0 {
  width: 16px;
  height: 16px;
  position: relative;
}

<svg
    class="ss__icon ss__icon--cog classy emotion-0"
    viewBox="0 0 56 56"
    xmlns="http://www.w3.org/2000/svg"
  >
    <path
      d="M37.333 28c0-5.141-4.193-9.333-9.333-9.333s-9.333 4.193-9.333 9.333 4.193 9.333 9.333 9.333 9.333-4.193 9.333-9.333zM56 24.026v8.094c0 0.547-0.438 1.203-1.021 1.312l-6.745 1.021c-0.401 1.167-0.839 2.26-1.422 3.318 1.24 1.786 2.552 3.391 3.901 5.031 0.219 0.255 0.365 0.583 0.365 0.911s-0.109 0.583-0.328 0.839c-0.875 1.167-5.797 6.526-7.036 6.526-0.328 0-0.656-0.146-0.948-0.328l-5.031-3.938c-1.057 0.547-2.188 1.021-3.318 1.385-0.255 2.224-0.474 4.594-1.057 6.781-0.146 0.583-0.656 1.021-1.312 1.021h-8.094c-0.656 0-1.24-0.474-1.312-1.094l-1.021-6.708c-1.13-0.365-2.224-0.802-3.281-1.349l-5.141 3.901c-0.255 0.219-0.583 0.328-0.911 0.328s-0.656-0.146-0.911-0.401c-1.932-1.75-4.484-4.010-6.016-6.125-0.182-0.255-0.255-0.547-0.255-0.839 0-0.328 0.109-0.583 0.292-0.839 1.24-1.677 2.589-3.281 3.828-4.995-0.62-1.167-1.13-2.37-1.495-3.609l-6.672-0.984c-0.62-0.109-1.057-0.693-1.057-1.312v-8.094c0-0.547 0.438-1.203 0.984-1.312l6.781-1.021c0.365-1.167 0.839-2.26 1.422-3.354-1.24-1.75-2.552-3.391-3.901-5.031-0.219-0.255-0.365-0.547-0.365-0.875s0.146-0.583 0.328-0.839c0.875-1.203 5.797-6.526 7.036-6.526 0.328 0 0.656 0.146 0.948 0.365l5.031 3.901c1.057-0.547 2.188-1.021 3.318-1.385 0.255-2.224 0.474-4.594 1.057-6.781 0.146-0.583 0.656-1.021 1.312-1.021h8.094c0.656 0 1.24 0.474 1.312 1.094l1.021 6.708c1.13 0.365 2.224 0.802 3.281 1.349l5.177-3.901c0.219-0.219 0.547-0.328 0.875-0.328s0.656 0.146 0.911 0.365c1.932 1.786 4.484 4.047 6.016 6.198 0.182 0.219 0.255 0.51 0.255 0.802 0 0.328-0.109 0.583-0.292 0.839-1.24 1.677-2.589 3.281-3.828 4.995 0.62 1.167 1.13 2.37 1.495 3.573l6.672 1.021c0.62 0.109 1.057 0.693 1.057 1.312z"
    />
  </svg>
</DocumentFragment>
`;

exports[`Icon Component renders with icon prop 1`] = `
<DocumentFragment>
  .emotion-0 {
  width: 16px;
  height: 16px;
  position: relative;
}

<svg
    class="ss__icon ss__icon--cog emotion-0"
    viewBox="0 0 56 56"
    xmlns="http://www.w3.org/2000/svg"
  >
    <path
      d="M37.333 28c0-5.141-4.193-9.333-9.333-9.333s-9.333 4.193-9.333 9.333 4.193 9.333 9.333 9.333 9.333-4.193 9.333-9.333zM56 24.026v8.094c0 0.547-0.438 1.203-1.021 1.312l-6.745 1.021c-0.401 1.167-0.839 2.26-1.422 3.318 1.24 1.786 2.552 3.391 3.901 5.031 0.219 0.255 0.365 0.583 0.365 0.911s-0.109 0.583-0.328 0.839c-0.875 1.167-5.797 6.526-7.036 6.526-0.328 0-0.656-0.146-0.948-0.328l-5.031-3.938c-1.057 0.547-2.188 1.021-3.318 1.385-0.255 2.224-0.474 4.594-1.057 6.781-0.146 0.583-0.656 1.021-1.312 1.021h-8.094c-0.656 0-1.24-0.474-1.312-1.094l-1.021-6.708c-1.13-0.365-2.224-0.802-3.281-1.349l-5.141 3.901c-0.255 0.219-0.583 0.328-0.911 0.328s-0.656-0.146-0.911-0.401c-1.932-1.75-4.484-4.010-6.016-6.125-0.182-0.255-0.255-0.547-0.255-0.839 0-0.328 0.109-0.583 0.292-0.839 1.24-1.677 2.589-3.281 3.828-4.995-0.62-1.167-1.13-2.37-1.495-3.609l-6.672-0.984c-0.62-0.109-1.057-0.693-1.057-1.312v-8.094c0-0.547 0.438-1.203 0.984-1.312l6.781-1.021c0.365-1.167 0.839-2.26 1.422-3.354-1.24-1.75-2.552-3.391-3.901-5.031-0.219-0.255-0.365-0.547-0.365-0.875s0.146-0.583 0.328-0.839c0.875-1.203 5.797-6.526 7.036-6.526 0.328 0 0.656 0.146 0.948 0.365l5.031 3.901c1.057-0.547 2.188-1.021 3.318-1.385 0.255-2.224 0.474-4.594 1.057-6.781 0.146-0.583 0.656-1.021 1.312-1.021h8.094c0.656 0 1.24 0.474 1.312 1.094l1.021 6.708c1.13 0.365 2.224 0.802 3.281 1.349l5.177-3.901c0.219-0.219 0.547-0.328 0.875-0.328s0.656 0.146 0.911 0.365c1.932 1.786 4.484 4.047 6.016 6.198 0.182 0.219 0.255 0.51 0.255 0.802 0 0.328-0.109 0.583-0.292 0.839-1.24 1.677-2.589 3.281-3.828 4.995 0.62 1.167 1.13 2.37 1.495 3.573l6.672 1.021c0.62 0.109 1.057 0.693 1.057 1.312z"
    />
  </svg>
</DocumentFragment>
`;

exports[`Icon Component uses bocachica theme 1`] = `
<DocumentFragment>
  .emotion-0 {
  fill: #6d7175;
  width: 16px;
  height: 16px;
  position: relative;
}

<svg
    class="ss__icon ss__icon--cog emotion-0"
    viewBox="0 0 56 56"
    xmlns="http://www.w3.org/2000/svg"
  >
    <path
      d="M37.333 28c0-5.141-4.193-9.333-9.333-9.333s-9.333 4.193-9.333 9.333 4.193 9.333 9.333 9.333 9.333-4.193 9.333-9.333zM56 24.026v8.094c0 0.547-0.438 1.203-1.021 1.312l-6.745 1.021c-0.401 1.167-0.839 2.26-1.422 3.318 1.24 1.786 2.552 3.391 3.901 5.031 0.219 0.255 0.365 0.583 0.365 0.911s-0.109 0.583-0.328 0.839c-0.875 1.167-5.797 6.526-7.036 6.526-0.328 0-0.656-0.146-0.948-0.328l-5.031-3.938c-1.057 0.547-2.188 1.021-3.318 1.385-0.255 2.224-0.474 4.594-1.057 6.781-0.146 0.583-0.656 1.021-1.312 1.021h-8.094c-0.656 0-1.24-0.474-1.312-1.094l-1.021-6.708c-1.13-0.365-2.224-0.802-3.281-1.349l-5.141 3.901c-0.255 0.219-0.583 0.328-0.911 0.328s-0.656-0.146-0.911-0.401c-1.932-1.75-4.484-4.010-6.016-6.125-0.182-0.255-0.255-0.547-0.255-0.839 0-0.328 0.109-0.583 0.292-0.839 1.24-1.677 2.589-3.281 3.828-4.995-0.62-1.167-1.13-2.37-1.495-3.609l-6.672-0.984c-0.62-0.109-1.057-0.693-1.057-1.312v-8.094c0-0.547 0.438-1.203 0.984-1.312l6.781-1.021c0.365-1.167 0.839-2.26 1.422-3.354-1.24-1.75-2.552-3.391-3.901-5.031-0.219-0.255-0.365-0.547-0.365-0.875s0.146-0.583 0.328-0.839c0.875-1.203 5.797-6.526 7.036-6.526 0.328 0 0.656 0.146 0.948 0.365l5.031 3.901c1.057-0.547 2.188-1.021 3.318-1.385 0.255-2.224 0.474-4.594 1.057-6.781 0.146-0.583 0.656-1.021 1.312-1.021h8.094c0.656 0 1.24 0.474 1.312 1.094l1.021 6.708c1.13 0.365 2.224 0.802 3.281 1.349l5.177-3.901c0.219-0.219 0.547-0.328 0.875-0.328s0.656 0.146 0.911 0.365c1.932 1.786 4.484 4.047 6.016 6.198 0.182 0.219 0.255 0.51 0.255 0.802 0 0.328-0.109 0.583-0.292 0.839-1.24 1.677-2.589 3.281-3.828 4.995 0.62 1.167 1.13 2.37 1.495 3.573l6.672 1.021c0.62 0.109 1.057 0.693 1.057 1.312z"
    />
  </svg>
</DocumentFragment>
`;
